exports[`HtmlDocumentRenderer should render children 1`] = `
<html>
  <head>
    <title>
      Test document
    </title>
  </head>
  <body>
    <div
      id="app">
      <span>
        Hello
      </span>
    </div>
  </body>
</html>
`;
