exports[`test renderer should render link 1`] = `
<a
  href="/foo">
  Foo
</a>
`;
