// Jest Snapshot v1, https://goo.gl/fbAQLP

exports[`should render components list 1`] = `
<Styled(StyleGuide)
  hasSidebar={true}
  homepageUrl="https://react-styleguidist.js.org/"
  title="Hello"
  toc={
    <TableOfContents
      sections={
        Array [
          Object {
            "components": Array [
              Object {
                "filepath": "components/foo.js",
                "name": "Foo",
                "pathLine": "components/foo.js",
                "props": Object {
                  "description": "Foo foo",
                },
              },
              Object {
                "filepath": "components/bar.js",
                "name": "Bar",
                "pathLine": "components/bar.js",
                "props": Object {
                  "description": "Bar bar",
                },
              },
            ],
          },
        ]
      }
    />
  }
  toggleAllProps={[Function]}
>
  <Sections
    depth={1}
    sections={
      Array [
        Object {
          "components": Array [
            Object {
              "filepath": "components/foo.js",
              "name": "Foo",
              "pathLine": "components/foo.js",
              "props": Object {
                "description": "Foo foo",
              },
            },
            Object {
              "filepath": "components/bar.js",
              "name": "Bar",
              "pathLine": "components/bar.js",
              "props": Object {
                "description": "Bar bar",
              },
            },
          ],
        },
      ]
    }
  />
</Styled(StyleGuide)>
`;

exports[`should render welcome screen 1`] = `<Styled(Welcome) />`;
