exports[`test renderer should render header 1`] = `
<h1>
  <button>OK</button>
</h1>
`;
