exports[`test should render examples 1`] = `
<div>
  <Playground
    code="<button>OK</button>"
    evalInContext={[Function]}
    index={0}
    name="button" />
  <_class
    text="Hello *world*!" />
</div>
`;
