// Jest Snapshot v1, https://goo.gl/fbAQLP

exports[`should return only components with example file 1`] = `
Array [
  Object {
    "filepath": "components/Button/Button.js",
    "hasExamples": true,
  },
  Object {
    "filepath": "components/Modal/Modal.js",
    "hasExamples": true,
  },
]
`;
