exports[`test renderer should render loader 1`] = `
<div>
  Loadingâ€¦
</div>
`;
