exports[`test renderer should render message 1`] = `
<div>
  <_class
    text="Hello *world*!" />
</div>
`;
