exports[`test should render sections with nested components 1`] = `
<ul>
  <li
    className="">
    <_class
      className=""
      href="#button">
      Button
    </_class>
  </li>
  <li
    className="">
    <_class
      className=""
      href="#input">
      Input
    </_class>
  </li>
  <li
    className="">
    <_class
      className=""
      href="#textarea">
      Textarea
    </_class>
  </li>
</ul>
`;
