// Jest Snapshot v1, https://goo.gl/fbAQLP

exports[`should renderer a link home in isolated mode 1`] = `
<Styled(ToolbarButton)
  href="blank"
  title="Show all components"
>
  <MdFullscreenExit />
</Styled(ToolbarButton)>
`;

exports[`should renderer a link to isolated mode 1`] = `
<Styled(ToolbarButton)
  href="blank#!/Pizza"
  title="Open isolated"
>
  <MdFullscreen />
</Styled(ToolbarButton)>
`;
