// Jest Snapshot v1, https://goo.gl/fbAQLP

exports[`should render an anchor link 1`] = `
<Styled(ToolbarButton)
  href="blank#Pizza"
  title="Link to this component"
>
  <MdLink />
</Styled(ToolbarButton)>
`;
