exports[`test should render children 1`] = `
<span>
  Hello
</span>
`;
