exports[`test should render component renderer 1`] = `
<div>
  <div />
</div>
`;
