exports[`test should render Markdown in span in inline mode 1`] = `"<span class=\"base-47030919\">Hello <em class=\"em-4252285267\">world</em>!</span>"`;

exports[`test should render Markdown with custom CSS classes 1`] = `"<div><h3 class=\"h3-1020946680\">Header</h3><p class=\"p-1228578410\">Text with <em class=\"em-4252285267\">some</em> <strong class=\"strong-1538061498\">formatting</strong> and a <a class=\"a-1274117877\" href=\"/foo\">link</a>.</p><p class=\"p-1228578410\"><img class=\"img-2315792072\" alt=\"Image\" src=\"/bar.png\"></p></div>"`;
