// Jest Snapshot v1, https://goo.gl/fbAQLP

exports[`renderer should render arguments 1`] = `
<div>
  <Styled(Argument)
    description="Converts foo to bar"
    name="Foo"
    type={
      Object {
        "name": "Array",
      }
    }
  />
  <Styled(Argument)
    name="Foo"
  />
</div>
`;
