exports[`test renderer should render message 1`] = `
<pre>
  Hello *world*!
</pre>
`;
