// Jest Snapshot v1, https://goo.gl/fbAQLP

exports[`renderer should welcome screen 1`] = `
<div>
  <_class
    text="
  # Welcome to React Styleguidist!
  
  ## Point Styleguidist to your React components
  
  We couldnâ€™t find any components defined in your style guide config or using the default pattern \`src/components/**/*.js\`.
  
  Create **styleguide.config.js** file in your project root directory like this:
  
  module.exports = {
    components: 'src/components/**/*.js'
  };
  
  Read more in the [locating components guide](https://github.com/styleguidist/react-styleguidist/blob/master/docs/Components.md).
  				"
  />
</div>
`;
